---
source: twig-core/src/tree_renderer.rs
expression: output_str
---
main
└── level1
    └── level2
