---
source: twig-cli/src/tree_renderer.rs
expression: output_str
---
main
└── shared-feature (current)

develop

release
