---
source: twig-cli/src/tree_renderer.rs
expression: output_str
---
main
└── feature-1 (current)
