---
source: twig-cli/src/tree_renderer.rs
expression: output_str
---
main
└── feature-pr-only (current)              [PR#123]
